[WK5CG2075Q38MID:732  :0:732] Caught signal 11 (Segmentation fault: address not mapped to object at address 0x37c39190)
[WK5CG2075Q38MID:733  :0:733] Caught signal 11 (Segmentation fault: address not mapped to object at address 0x389f8d60)
[WK5CG2075Q38MID:736  :0:736] Caught signal 11 (Segmentation fault: address not mapped to object at address 0x3302ac50)
==== backtrace (tid:    732) ====
 0  /lib/x86_64-linux-gnu/libucs.so.0(ucs_handle_error+0x2ec) [0x7c553805364c]
 1  /lib/x86_64-linux-gnu/libucs.so.0(+0x2d34d) [0x7c553805534d]
 2  /lib/x86_64-linux-gnu/libucs.so.0(+0x2d51d) [0x7c553805551d]
 3  /lib/x86_64-linux-gnu/liboshmem.so.40(+0xbcc98) [0x7c553bbcbc98]
 4  /lib/x86_64-linux-gnu/liboshmem.so.40(mca_memheap_modex_recv_all+0x38b) [0x7c553bbcccbb]
 5  /lib/x86_64-linux-gnu/liboshmem.so.40(oshmem_shmem_init+0x263) [0x7c553bb3dd33]
 6  /lib/x86_64-linux-gnu/liboshmem.so.40(shmem_init+0x4f) [0x7c553bb3df3f]
 7  /home/undermind/shmem/venv/lib/python3.12/site-packages/shmem4py/api.abi3.so(+0x42d7c) [0x7c553bc42d7c]
 8  /home/undermind/shmem/venv/lib/python3.12/site-packages/shmem4py/api.abi3.so(+0x11eb08) [0x7c553bd1eb08]
 9  python3() [0x581dda]
10  python3(PyObject_Vectorcall+0x35) [0x549cb5]
==== backtrace (tid:    733) ====
 0  /lib/x86_64-linux-gnu/libucs.so.0(ucs_handle_error+0x2ec) [0x76a62c0be64c]
 1  /lib/x86_64-linux-gnu/libucs.so.0(+0x2d34d) [0x76a62c0c034d]
 2  /lib/x86_64-linux-gnu/libucs.so.0(+0x2d51d) [0x76a62c0c051d]
 3  /lib/x86_64-linux-gnu/liboshmem.so.40(+0xbcc98) [0x76a6353cbc98]
 4  /lib/x86_64-linux-gnu/liboshmem.so.40(mca_memheap_modex_recv_all+0x38b) [0x76a6353cccbb]
 5  /lib/x86_64-linux-gnu/liboshmem.so.40(oshmem_shmem_init+0x263) [0x76a63533dd33]
 6  /lib/x86_64-linux-gnu/liboshmem.so.40(shmem_init+0x4f) [0x76a63533df3f]
 7  /home/undermind/shmem/venv/lib/python3.12/site-packages/shmem4py/api.abi3.so(+0x42d7c) [0x76a635442d7c]
 8  /home/undermind/shmem/venv/lib/python3.12/site-packages/shmem4py/api.abi3.so(+0x11eb08) [0x76a63551eb08]
 9  python3() [0x581dda]
10  python3(PyObject_Vectorcall+0x35) [0x549cb5]
11  python3(_PyEval_EvalFrameDefault+0xa89) [0x5d7389]
12  python3(PyEval_EvalCode+0x15b) [0x5d58bb]
13  python3() [0x5d36ac]
11  python3(_PyEval_EvalFrameDefault+0xa89) [0x5d7389]
12  python3(PyEval_EvalCode+0x15b) [0x5d58bb]
13  python3() [0x5d36ac]
14  python3() [0x58206d]
15  python3(_PyEval_EvalFrameDefault+0x4c32) [0x5db532]
16  python3() [0x54a087]
14  python3() [0x58206d]
15  python3(_PyEval_EvalFrameDefault+0x4c32) [0x5db532]
16  python3() [0x54a087]
17  python3(PyObject_CallMethodObjArgs+0xe3) [0x54b903]
18  python3(PyImport_ImportModuleLevelObject+0x395) [0x5fdd25]
19  python3() [0x5d39f4]
20  python3() [0x58206d]
17  python3(PyObject_CallMethodObjArgs+0xe3) [0x54b903]
18  python3(PyImport_ImportModuleLevelObject+0x395) [0x5fdd25]
19  python3() [0x5d39f4]
20  python3() [0x58206d]
21  python3(_PyEval_EvalFrameDefault+0x4c32) [0x5db532]
22  python3() [0x54a087]
23  python3(PyObject_CallMethodObjArgs+0xe3) [0x54b903]
24  python3(PyImport_ImportModuleLevelObject+0x5eb) [0x5fdf7b]
25  python3(_PyEval_EvalFrameDefault+0x5dde) [0x5dc6de]
26  python3(PyEval_EvalCode+0x15b) [0x5d58bb]
27  python3() [0x608b52]
28  python3() [0x6b5263]
29  python3(_PyRun_SimpleFileObject+0x1aa) [0x6b4fca]
30  python3(_PyRun_AnyFileObject+0x4f) [0x6b4dff]
31  python3(Py_RunMain+0x3b5) [0x6bce65]
21  python3(_PyEval_EvalFrameDefault+0x4c32) [0x5db532]
22  python3() [0x54a087]
23  python3(PyObject_CallMethodObjArgs+0xe3) [0x54b903]
24  python3(PyImport_ImportModuleLevelObject+0x5eb) [0x5fdf7b]
25  python3(_PyEval_EvalFrameDefault+0x5dde) [0x5dc6de]
26  python3(PyEval_EvalCode+0x15b) [0x5d58bb]
27  python3() [0x608b52]
28  python3() [0x6b5263]
29  python3(_PyRun_SimpleFileObject+0x1aa) [0x6b4fca]
30  python3(_PyRun_AnyFileObject+0x4f) [0x6b4dff]
31  python3(Py_RunMain+0x3b5) [0x6bce65]
32  python3(Py_BytesMain+0x2d) [0x6bc94d]
33  /lib/x86_64-linux-gnu/libc.so.6(+0x2a1ca) [0x76a66242a1ca]
34  /lib/x86_64-linux-gnu/libc.so.6(__libc_start_main+0x8b) [0x76a66242a28b]
35  python3(_start+0x25) [0x657b05]
=================================
32  python3(Py_BytesMain+0x2d) [0x6bc94d]
33  /lib/x86_64-linux-gnu/libc.so.6(+0x2a1ca) [0x7c5568a2a1ca]
34  /lib/x86_64-linux-gnu/libc.so.6(__libc_start_main+0x8b) [0x7c5568a2a28b]
35  python3(_start+0x25) [0x657b05]
=================================
[WK5CG2075Q38MID:00732] *** Process received signal ***
[WK5CG2075Q38MID:00732] Signal: Segmentation fault (11)
[WK5CG2075Q38MID:00732] Signal code:  (-6)
[WK5CG2075Q38MID:00732] Failing at address: 0x3e8000002dc
[WK5CG2075Q38MID:00732] [ 0] /lib/x86_64-linux-gnu/libc.so.6(+0x45330)[0x7c5568a45330]
[WK5CG2075Q38MID:00732] [ 1] /lib/x86_64-linux-gnu/liboshmem.so.40(+0xbcc98)[0x7c553bbcbc98]
[WK5CG2075Q38MID:00732] [ 2] [WK5CG2075Q38MID:00733] *** Process received signal ***
[WK5CG2075Q38MID:00733] Signal: Segmentation fault (11)
[WK5CG2075Q38MID:00733] Signal code:  (-6)
[WK5CG2075Q38MID:00733] Failing at address: 0x3e8000002dd
/lib/x86_64-linux-gnu/liboshmem.so.40(mca_memheap_modex_recv_all+0x38b)[0x7c553bbcccbb]
[WK5CG2075Q38MID:00732] [ 3] /lib/x86_64-linux-gnu/liboshmem.so.40(oshmem_shmem_init+0x263)[0x7c553bb3dd33]
[WK5CG2075Q38MID:00732] [ 4] [WK5CG2075Q38MID:00733] [ 0] /lib/x86_64-linux-gnu/liboshmem.so.40(shmem_init+0x4f)[0x7c553bb3df3f]
[WK5CG2075Q38MID:00732] [ 5] /home/undermind/shmem/venv/lib/python3.12/site-packages/shmem4py/api.abi3.so(+0x42d7c)[0x7c553bc42d7c]
[WK5CG2075Q38MID:00732] [ 6] /home/undermind/shmem/venv/lib/python3.12/site-packages/shmem4py/api.abi3.so(+0x11eb08)[0x7c553bd1eb08]
[WK5CG2075Q38MID:00732] [ 7] /lib/x86_64-linux-gnu/libc.so.6(+0x45330)[0x76a662445330]
[WK5CG2075Q38MID:00733] [ 1] python3[0x581dda]
[WK5CG2075Q38MID:00732] [ 8] /lib/x86_64-linux-gnu/liboshmem.so.40(+0xbcc98)[0x76a6353cbc98]
[WK5CG2075Q38MID:00733] [ 2] python3(PyObject_Vectorcall+0x35)[0x549cb5]
[WK5CG2075Q38MID:00732] [ 9] /lib/x86_64-linux-gnu/liboshmem.so.40(mca_memheap_modex_recv_all+0x38b)[0x76a6353cccbb]
[WK5CG2075Q38MID:00733] [ 3] python3(_PyEval_EvalFrameDefault+0xa89)[0x5d7389]
[WK5CG2075Q38MID:00732] [10] python3(PyEval_EvalCode+0x15b)[0x5d58bb]
[WK5CG2075Q38MID:00732] /lib/x86_64-linux-gnu/liboshmem.so.40(oshmem_shmem_init+0x263)[0x76a63533dd33]
[WK5CG2075Q38MID:00733] [ 4] [11] /lib/x86_64-linux-gnu/liboshmem.so.40(shmem_init+0x4f)[0x76a63533df3f]
[WK5CG2075Q38MID:00733] [ 5] /home/undermind/shmem/venv/lib/python3.12/site-packages/shmem4py/api.abi3.so(+0x42d7c)[0x76a635442d7c]
[WK5CG2075Q38MID:00733] [ 6] /home/undermind/shmem/venv/lib/python3.12/site-packages/shmem4py/api.abi3.so(+0x11eb08)[0x76a63551eb08]
[WK5CG2075Q38MID:00733] [ 7] python3[0x5d36ac]
[WK5CG2075Q38MID:00732] [12] python3[0x58206d]
[WK5CG2075Q38MID:00732] [13] ==== backtrace (tid:    736) ====
 0  /lib/x86_64-linux-gnu/libucs.so.0(ucs_handle_error+0x2ec) [0x70458403e64c]
python3(_PyEval_EvalFrameDefault+0x4c32)[0x5db532]
[WK5CG2075Q38MID:00732] [14] python3[0x581dda]
[WK5CG2075Q38MID:00733] [ 8] python3[0x54a087]
[WK5CG2075Q38MID:00732] [15]  1  /lib/x86_64-linux-gnu/libucs.so.0(+0x2d34d) [0x70458404034d]
 2  /lib/x86_64-linux-gnu/libucs.so.0(+0x2d51d) [0x70458404051d]
 3  /lib/x86_64-linux-gnu/liboshmem.so.40(+0xbcc98) [0x7045871cbc98]
 4  /lib/x86_64-linux-gnu/liboshmem.so.40(mca_memheap_modex_recv_all+0x38b) [0x7045871cccbb]
 5  /lib/x86_64-linux-gnu/liboshmem.so.40(oshmem_shmem_init+0x263) [0x70458713dd33]
python3(PyObject_CallMethodObjArgs+0xe3)[0x54b903]
[WK5CG2075Q38MID:00732] [16] python3(PyImport_ImportModuleLevelObject+0x395)[0x5fdd25]
[WK5CG2075Q38MID:00732] [17] python3(PyObject_Vectorcall+0x35)[0x549cb5]
[WK5CG2075Q38MID:00733] [ 9]  6  /lib/x86_64-linux-gnu/liboshmem.so.40(shmem_init+0x4f) [0x70458713df3f]
 7  /home/undermind/shmem/venv/lib/python3.12/site-packages/shmem4py/api.abi3.so(+0x42d7c) [0x704587242d7c]
 8  /home/undermind/shmem/venv/lib/python3.12/site-packages/shmem4py/api.abi3.so(+0x11eb08) [0x70458731eb08]
 9  python3() [0x581dda]
10  python3(PyObject_Vectorcall+0x35) [0x549cb5]
11  python3(_PyEval_EvalFrameDefault+0xa89) [0x5d7389]
12  python3(PyEval_EvalCode+0x15b) [0x5d58bb]
13  python3() [0x5d36ac]
14  python3() [0x58206d]
15  python3(_PyEval_EvalFrameDefault+0x4c32) [0x5db532]
16  python3() [0x54a087]
17  python3(PyObject_CallMethodObjArgs+0xe3) [0x54b903]
18  python3(PyImport_ImportModuleLevelObject+0x395) [0x5fdd25]
19  python3() [0x5d39f4]
python3(_PyEval_EvalFrameDefault+0xa89)[0x5d7389]
[WK5CG2075Q38MID:00733] [10] python3[0x5d39f4]
[WK5CG2075Q38MID:00732] [18] 20  python3() [0x58206d]
21  python3(_PyEval_EvalFrameDefault+0x4c32) [0x5db532]
22  python3() [0x54a087]
23  python3(PyObject_CallMethodObjArgs+0xe3) [0x54b903]
python3[0x58206d]
[WK5CG2075Q38MID:00732] [19] python3(_PyEval_EvalFrameDefault+0x4c32)[0x5db532]
[WK5CG2075Q38MID:00732] [20] python3[0x54a087]
[WK5CG2075Q38MID:00732] python3(PyEval_EvalCode+0x15b)[0x5d58bb]
[WK5CG2075Q38MID:00733] [11] python3[0x5d36ac]
[WK5CG2075Q38MID:00733] [12] 24  python3(PyImport_ImportModuleLevelObject+0x5eb) [0x5fdf7b]
25  python3(_PyEval_EvalFrameDefault+0x5dde) [0x5dc6de]
26  python3(PyEval_EvalCode+0x15b) [0x5d58bb]
27  python3() [0x608b52]
28  python3() [0x6b5263]
29  python3(_PyRun_SimpleFileObject+0x1aa) [0x6b4fca]
30  python3(_PyRun_AnyFileObject+0x4f) [0x6b4dff]
31  python3(Py_RunMain+0x3b5) [0x6bce65]
32  python3(Py_BytesMain+0x2d) [0x6bc94d]
33  /lib/x86_64-linux-gnu/libc.so.6(+0x2a1ca) [0x7045b422a1ca]
34  /lib/x86_64-linux-gnu/libc.so.6(__libc_start_main+0x8b) [0x7045b422a28b]
35  python3(_start+0x25) [0x657b05]
=================================
python3[0x58206d]
[WK5CG2075Q38MID:00733] [13] python3(_PyEval_EvalFrameDefault+0x4c32)[0x5db532]
[WK5CG2075Q38MID:00733] [14] [21] python3(PyObject_CallMethodObjArgs+0xe3)[0x54b903]
[WK5CG2075Q38MID:00732] [22] python3[0x54a087]
[WK5CG2075Q38MID:00733] [15] python3(PyImport_ImportModuleLevelObject+0x5eb)[0x5fdf7b]
[WK5CG2075Q38MID:00732] [23] python3(_PyEval_EvalFrameDefault+0x5dde)[0x5dc6de]
[WK5CG2075Q38MID:00732] [24] python3(PyObject_CallMethodObjArgs+0xe3)[0x54b903]
[WK5CG2075Q38MID:00733] [16] python3(PyEval_EvalCode+0x15b)[0x5d58bb]
[WK5CG2075Q38MID:00732] [25] [WK5CG2075Q38MID:00736] *** Process received signal ***
[WK5CG2075Q38MID:00736] Signal: Segmentation fault (11)
[WK5CG2075Q38MID:00736] Signal code:  (-6)
[WK5CG2075Q38MID:00736] Failing at address: 0x3e8000002e0
python3(PyImport_ImportModuleLevelObject+0x395)[0x5fdd25]
[WK5CG2075Q38MID:00733] [17] python3[0x608b52]
[WK5CG2075Q38MID:00732] [26] python3[0x5d39f4]
[WK5CG2075Q38MID:00733] [18] python3[0x6b5263]
[WK5CG2075Q38MID:00732] [27] [WK5CG2075Q38MID:00736] [ 0] python3[0x58206d]
[WK5CG2075Q38MID:00733] [19] python3(_PyEval_EvalFrameDefault+0x4c32)[0x5db532]
[WK5CG2075Q38MID:00733] [20] python3(_PyRun_SimpleFileObject+0x1aa)[0x6b4fca]
[WK5CG2075Q38MID:00732] [28] python3(_PyRun_AnyFileObject+0x4f)[0x6b4dff]
[WK5CG2075Q38MID:00732] [29] python3(Py_RunMain+0x3b5)[0x6bce65]
/lib/x86_64-linux-gnu/libc.so.6(+0x45330)[0x7045b4245330]
[WK5CG2075Q38MID:00736] [ 1] python3[0x54a087]
[WK5CG2075Q38MID:00733] [21] python3(PyObject_CallMethodObjArgs+0xe3)[0x54b903]
[WK5CG2075Q38MID:00733] [22] [WK5CG2075Q38MID:00732] *** End of error message ***
python3(PyImport_ImportModuleLevelObject+0x5eb)[0x5fdf7b]
[WK5CG2075Q38MID:00733] [23] python3(_PyEval_EvalFrameDefault+0x5dde)[0x5dc6de]
[WK5CG2075Q38MID:00733] [24] python3(PyEval_EvalCode+0x15b)[0x5d58bb]
[WK5CG2075Q38MID:00733] [25] /lib/x86_64-linux-gnu/liboshmem.so.40(+0xbcc98)[0x7045871cbc98]
[WK5CG2075Q38MID:00736] [ 2] python3[0x608b52]
[WK5CG2075Q38MID:00733] [26] python3[0x6b5263]
[WK5CG2075Q38MID:00733] /lib/x86_64-linux-gnu/liboshmem.so.40(mca_memheap_modex_recv_all+0x38b)[0x7045871cccbb]
[WK5CG2075Q38MID:00736] [ 3] [27] python3(_PyRun_SimpleFileObject+0x1aa)[0x6b4fca]
[WK5CG2075Q38MID:00733] [28] python3(_PyRun_AnyFileObject+0x4f)[0x6b4dff]
[WK5CG2075Q38MID:00733] [29] python3(Py_RunMain+0x3b5)[0x6bce65]
[WK5CG2075Q38MID:00733] *** End of error message ***
/lib/x86_64-linux-gnu/liboshmem.so.40(oshmem_shmem_init+0x263)[0x70458713dd33]
[WK5CG2075Q38MID:00736] [ 4] /lib/x86_64-linux-gnu/liboshmem.so.40(shmem_init+0x4f)[0x70458713df3f]
[WK5CG2075Q38MID:00736] [ 5] /home/undermind/shmem/venv/lib/python3.12/site-packages/shmem4py/api.abi3.so(+0x42d7c)[0x704587242d7c]
[WK5CG2075Q38MID:00736] [ 6] /home/undermind/shmem/venv/lib/python3.12/site-packages/shmem4py/api.abi3.so(+0x11eb08)[0x70458731eb08]
[WK5CG2075Q38MID:00736] [ 7] python3[0x581dda]
[WK5CG2075Q38MID:00736] [ 8] python3(PyObject_Vectorcall+0x35)[0x549cb5]
[WK5CG2075Q38MID:00736] [ 9] python3(_PyEval_EvalFrameDefault+0xa89)[0x5d7389]
[WK5CG2075Q38MID:00736] [10] python3(PyEval_EvalCode+0x15b)[0x5d58bb]
[WK5CG2075Q38MID:00736] [11] python3[0x5d36ac]
[WK5CG2075Q38MID:00736] [12] python3[0x58206d]
[WK5CG2075Q38MID:00736] [13] python3(_PyEval_EvalFrameDefault+0x4c32)[0x5db532]
[WK5CG2075Q38MID:00736] [14] python3[0x54a087]
[WK5CG2075Q38MID:00736] [15] python3(PyObject_CallMethodObjArgs+0xe3)[0x54b903]
[WK5CG2075Q38MID:00736] [16] python3(PyImport_ImportModuleLevelObject+0x395)[0x5fdd25]
[WK5CG2075Q38MID:00736] [17] python3[0x5d39f4]
[WK5CG2075Q38MID:00736] [18] python3[0x58206d]
[WK5CG2075Q38MID:00736] [19] python3(_PyEval_EvalFrameDefault+0x4c32)[0x5db532]
[WK5CG2075Q38MID:00736] [20] python3[0x54a087]
[WK5CG2075Q38MID:00736] [21] python3(PyObject_CallMethodObjArgs+0xe3)[0x54b903]
[WK5CG2075Q38MID:00736] [22] python3(PyImport_ImportModuleLevelObject+0x5eb)[0x5fdf7b]
[WK5CG2075Q38MID:00736] [23] python3(_PyEval_EvalFrameDefault+0x5dde)[0x5dc6de]
[WK5CG2075Q38MID:00736] [24] python3(PyEval_EvalCode+0x15b)[0x5d58bb]
[WK5CG2075Q38MID:00736] [25] python3[0x608b52]
[WK5CG2075Q38MID:00736] [26] python3[0x6b5263]
[WK5CG2075Q38MID:00736] [27] python3(_PyRun_SimpleFileObject+0x1aa)[0x6b4fca]
[WK5CG2075Q38MID:00736] [28] python3(_PyRun_AnyFileObject+0x4f)[0x6b4dff]
[WK5CG2075Q38MID:00736] [29] python3(Py_RunMain+0x3b5)[0x6bce65]
[WK5CG2075Q38MID:00736] *** End of error message ***
Traceback (most recent call last):
  File "/home/undermind/Shmem-Examples/atomic_monte_carlo.py", line 25, in <module>
    appx_pi = approxpi(appx_num)
              ^^^^^^^^^^^^^^^^^^
  File "/home/undermind/Shmem-Examples/atomic_monte_carlo.py", line 22, in approxpi
    shmem.atomic_add(target, value, be)
                     ^^^^^^
NameError: name 'target' is not defined
Traceback (most recent call last):
  File "/home/undermind/Shmem-Examples/atomic_monte_carlo.py", line 25, in <module>
    appx_pi = approxpi(appx_num)
Traceback (most recent call last):
  File "/home/undermind/Shmem-Examples/atomic_monte_carlo.py", line 25, in <module>
              ^^^^^^^^^^^^^^^^^^
  File "/home/undermind/Shmem-Examples/atomic_monte_carlo.py", line 22, in approxpi
    shmem.atomic_add(target, value, be)
                     ^^^^^^
    appx_pi = approxpi(appx_num)
              ^^^^^^^^^^^^^^^^^^
  File "/home/undermind/Shmem-Examples/atomic_monte_carlo.py", line 22, in approxpi
NameError: name 'target' is not defined
    shmem.atomic_add(target, value, be)
                     ^^^^^^
NameError: name 'target' is not defined
Traceback (most recent call last):
  File "/home/undermind/Shmem-Examples/atomic_monte_carlo.py", line 25, in <module>
    appx_pi = approxpi(appx_num)
              ^^^^^^^^^^^^^^^^^^
  File "/home/undermind/Shmem-Examples/atomic_monte_carlo.py", line 22, in approxpi
    shmem.atomic_add(target, value, be)
                     ^^^^^^
NameError: name 'target' is not defined
Traceback (most recent call last):
  File "/home/undermind/Shmem-Examples/atomic_monte_carlo.py", line 25, in <module>
    appx_pi = approxpi(appx_num)
              ^^^^^^^^^^^^^^^^^^
  File "/home/undermind/Shmem-Examples/atomic_monte_carlo.py", line 22, in approxpi
    shmem.atomic_add(target, value, be)
                     ^^^^^^
NameError: name 'target' is not defined
--------------------------------------------------------------------------
Primary job  terminated normally, but 1 process returned
a non-zero exit code. Per user-direction, the job has been aborted.
--------------------------------------------------------------------------
--------------------------------------------------------------------------
oshrun noticed that process rank 2 with PID 0 on node WK5CG2075Q38MID exited on signal 11 (Segmentation fault).
--------------------------------------------------------------------------
