[WK5CG2075Q38MID:13694:0:13694] Caught signal 11 (Segmentation fault: address not mapped to object at address 0x3b65e120)
[WK5CG2075Q38MID:13695:0:13695] Caught signal 11 (Segmentation fault: address not mapped to object at address 0x2e12d8b0)
[WK5CG2075Q38MID:13689:0:13689] Caught signal 11 (Segmentation fault: address not mapped to object at address 0x2e422df0)
[WK5CG2075Q38MID:13690:0:13690] Caught signal 11 (Segmentation fault: address not mapped to object at address 0x366544b0)
[WK5CG2075Q38MID:13692:0:13692] Caught signal 11 (Segmentation fault: address not mapped to object at address 0x32c544c0)
[WK5CG2075Q38MID:13693:0:13693] Caught signal 11 (Segmentation fault: address not mapped to object at address 0xcf1efd0)
==== backtrace (tid:  13695) ====
 0  /lib/x86_64-linux-gnu/libucs.so.0(ucs_handle_error+0x2ec) [0x76246dd2764c]
 1  /lib/x86_64-linux-gnu/libucs.so.0(+0x2d34d) [0x76246dd2934d]
 2  /lib/x86_64-linux-gnu/libucs.so.0(+0x2d51d) [0x76246dd2951d]
 3  /lib/x86_64-linux-gnu/liboshmem.so.40(+0xbcc98) [0x7624779cbc98]
 4  /lib/x86_64-linux-gnu/liboshmem.so.40(mca_memheap_modex_recv_all+0x38b) [0x7624779cccbb]
 5  /lib/x86_64-linux-gnu/liboshmem.so.40(oshmem_shmem_init+0x263) [0x76247793dd33]
 6  /lib/x86_64-linux-gnu/liboshmem.so.40(shmem_init+0x4f) [0x76247793df3f]
 7  /home/undermind/shmem/venv/lib/python3.12/site-packages/shmem4py/api.abi3.so(+0x42d7c) [0x762477a42d7c]
 8  /home/undermind/shmem/venv/lib/python3.12/site-packages/shmem4py/api.abi3.so(+0x11eb08) [0x762477b1eb08]
 9  python3() [0x581dda]
10  python3(PyObject_Vectorcall+0x35) [0x549cb5]
11  python3(_PyEval_EvalFrameDefault+0xa89) [0x5d7389]
12  python3(PyEval_EvalCode+0x15b) [0x5d58bb]
13  python3() [0x5d36ac]
14  python3() [0x58206d]
15  python3(_PyEval_EvalFrameDefault+0x4c32) [0x5db532]
16  python3() [0x54a087]
17  python3(PyObject_CallMethodObjArgs+0xe3) [0x54b903]
18  python3(PyImport_ImportModuleLevelObject+0x395) [0x5fdd25]
==== backtrace (tid:  13690) ====
 0  /lib/x86_64-linux-gnu/libucs.so.0(ucs_handle_error+0x2ec) [0x7808bc18a64c]
 1  /lib/x86_64-linux-gnu/libucs.so.0(+0x2d34d) [0x7808bc18c34d]
 2  /lib/x86_64-linux-gnu/libucs.so.0(+0x2d51d) [0x7808bc18c51d]
 3  /lib/x86_64-linux-gnu/liboshmem.so.40(+0xbcc98) [0x7808befbcc98]
 4  /lib/x86_64-linux-gnu/liboshmem.so.40(mca_memheap_modex_recv_all+0x38b) [0x7808befbdcbb]
 5  /lib/x86_64-linux-gnu/liboshmem.so.40(oshmem_shmem_init+0x263) [0x7808bef2ed33]
 6  /lib/x86_64-linux-gnu/liboshmem.so.40(shmem_init+0x4f) [0x7808bef2ef3f]
 7  /home/undermind/shmem/venv/lib/python3.12/site-packages/shmem4py/api.abi3.so(+0x42d7c) [0x7808bec42d7c]
 8  /home/undermind/shmem/venv/lib/python3.12/site-packages/shmem4py/api.abi3.so(+0x11eb08) [0x7808bed1eb08]
 9  python3() [0x581dda]
10  python3(PyObject_Vectorcall+0x35) [0x549cb5]
11  python3(_PyEval_EvalFrameDefault+0xa89) [0x5d7389]
12  python3(PyEval_EvalCode+0x15b) [0x5d58bb]
13  python3() [0x5d36ac]
14  python3() [0x58206d]
15  python3(_PyEval_EvalFrameDefault+0x4c32) [0x5db532]
16  python3() [0x54a087]
17  python3(PyObject_CallMethodObjArgs+0xe3) [0x54b903]
18  python3(PyImport_ImportModuleLevelObject+0x395) [0x5fdd25]
19  python3() [0x5d39f4]
20  python3() [0x58206d]
==== backtrace (tid:  13692) ====
 0  /lib/x86_64-linux-gnu/libucs.so.0(ucs_handle_error+0x2ec) [0x7f77d3f9364c]
 1  /lib/x86_64-linux-gnu/libucs.so.0(+0x2d34d) [0x7f77d3f9534d]
 2  /lib/x86_64-linux-gnu/libucs.so.0(+0x2d51d) [0x7f77d3f9551d]
 3  /lib/x86_64-linux-gnu/liboshmem.so.40(+0xbcc98) [0x7f77d9dcbc98]
 4  /lib/x86_64-linux-gnu/liboshmem.so.40(mca_memheap_modex_recv_all+0x38b) [0x7f77d9dcccbb]
 5  /lib/x86_64-linux-gnu/liboshmem.so.40(oshmem_shmem_init+0x263) [0x7f77d9d3dd33]
 6  /lib/x86_64-linux-gnu/liboshmem.so.40(shmem_init+0x4f) [0x7f77d9d3df3f]
 7  /home/undermind/shmem/venv/lib/python3.12/site-packages/shmem4py/api.abi3.so(+0x42d7c) [0x7f77d9e42d7c]
 8  /home/undermind/shmem/venv/lib/python3.12/site-packages/shmem4py/api.abi3.so(+0x11eb08) [0x7f77d9f1eb08]
 9  python3() [0x581dda]
10  python3(PyObject_Vectorcall+0x35) [0x549cb5]
11  python3(_PyEval_EvalFrameDefault+0xa89) [0x5d7389]
12  python3(PyEval_EvalCode+0x15b) [0x5d58bb]
13  python3() [0x5d36ac]
14  python3() [0x58206d]
15  python3(_PyEval_EvalFrameDefault+0x4c32) [0x5db532]
16  python3() [0x54a087]
17  python3(PyObject_CallMethodObjArgs+0xe3) [0x54b903]
18  python3(PyImport_ImportModuleLevelObject+0x395) [0x5fdd25]
19  python3() [0x5d39f4]
20  python3() [0x58206d]
21  python3(_PyEval_EvalFrameDefault+0x4c32) [0x5db532]
22  python3() [0x54a087]
21  python3(_PyEval_EvalFrameDefault+0x4c32) [0x5db532]
22  python3() [0x54a087]
23  python3(PyObject_CallMethodObjArgs+0xe3) [0x54b903]
24  python3(PyImport_ImportModuleLevelObject+0x5eb) [0x5fdf7b]
25  python3(_PyEval_EvalFrameDefault+0x5dde) [0x5dc6de]
26  python3(PyEval_EvalCode+0x15b) [0x5d58bb]
27  python3() [0x608b52]
28  python3() [0x6b5263]
29  python3(_PyRun_SimpleFileObject+0x1aa) [0x6b4fca]
30  python3(_PyRun_AnyFileObject+0x4f) [0x6b4dff]
31  python3(Py_RunMain+0x3b5) [0x6bce65]
32  python3(Py_BytesMain+0x2d) [0x6bc94d]
33  /lib/x86_64-linux-gnu/libc.so.6(+0x2a1ca) [0x7808ebc2a1ca]
34  /lib/x86_64-linux-gnu/libc.so.6(__libc_start_main+0x8b) [0x7808ebc2a28b]
23  python3(PyObject_CallMethodObjArgs+0xe3) [0x54b903]
24  python3(PyImport_ImportModuleLevelObject+0x5eb) [0x5fdf7b]
25  python3(_PyEval_EvalFrameDefault+0x5dde) [0x5dc6de]
26  python3(PyEval_EvalCode+0x15b) [0x5d58bb]
27  python3() [0x608b52]
28  python3() [0x6b5263]
29  python3(_PyRun_SimpleFileObject+0x1aa) [0x6b4fca]
30  python3(_PyRun_AnyFileObject+0x4f) [0x6b4dff]
31  python3(Py_RunMain+0x3b5) [0x6bce65]
32  python3(Py_BytesMain+0x2d) [0x6bc94d]
33  /lib/x86_64-linux-gnu/libc.so.6(+0x2a1ca) [0x7f7806c2a1ca]
34  /lib/x86_64-linux-gnu/libc.so.6(__libc_start_main+0x8b) [0x7f7806c2a28b]
35  python3(_start+0x25) [0x657b05]
19  python3() [0x5d39f4]
20  python3() [0x58206d]
21  python3(_PyEval_EvalFrameDefault+0x4c32) [0x5db532]
22  python3() [0x54a087]
23  python3(PyObject_CallMethodObjArgs+0xe3) [0x54b903]
24  python3(PyImport_ImportModuleLevelObject+0x5eb) [0x5fdf7b]
25  python3(_PyEval_EvalFrameDefault+0x5dde) [0x5dc6de]
26  python3(PyEval_EvalCode+0x15b) [0x5d58bb]
27  python3() [0x608b52]
28  python3() [0x6b5263]
29  python3(_PyRun_SimpleFileObject+0x1aa) [0x6b4fca]
30  python3(_PyRun_AnyFileObject+0x4f) [0x6b4dff]
31  python3(Py_RunMain+0x3b5) [0x6bce65]
32  python3(Py_BytesMain+0x2d) [0x6bc94d]
33  /lib/x86_64-linux-gnu/libc.so.6(+0x2a1ca) [0x7624a4a2a1ca]
34  /lib/x86_64-linux-gnu/libc.so.6(__libc_start_main+0x8b) [0x7624a4a2a28b]
35  python3(_start+0x25) [0x657b05]
=================================
[WK5CG2075Q38MID:13692] *** Process received signal ***
[WK5CG2075Q38MID:13692] Signal: Segmentation fault (11)
[WK5CG2075Q38MID:13692] Signal code:  (-6)
[WK5CG2075Q38MID:13692] Failing at address: 0x3e80000357c
[WK5CG2075Q38MID:13692] [ 0] 35  python3(_start+0x25) [0x657b05]
=================================
[WK5CG2075Q38MID:13690] *** Process received signal ***
[WK5CG2075Q38MID:13690] Signal: Segmentation fault (11)
[WK5CG2075Q38MID:13690] Signal code:  (-6)
[WK5CG2075Q38MID:13690] Failing at address: 0x3e80000357a
[WK5CG2075Q38MID:13690] [ 0] ==== backtrace (tid:  13694) ====
 0  /lib/x86_64-linux-gnu/libucs.so.0(ucs_handle_error+0x2ec) [0x72d2fc16c64c]
 1  /lib/x86_64-linux-gnu/libucs.so.0(+0x2d34d) [0x72d2fc16e34d]
 2  /lib/x86_64-linux-gnu/libucs.so.0(+0x2d51d) [0x72d2fc16e51d]
 3  /lib/x86_64-linux-gnu/liboshmem.so.40(+0xbcc98) [0x72d2ffdcbc98]
 4  /lib/x86_64-linux-gnu/liboshmem.so.40(mca_memheap_modex_recv_all+0x38b) [0x72d2ffdcccbb]
 5  /lib/x86_64-linux-gnu/liboshmem.so.40(oshmem_shmem_init+0x263) [0x72d2ffd3dd33]
 6  /lib/x86_64-linux-gnu/liboshmem.so.40(shmem_init+0x4f) [0x72d2ffd3df3f]
 7  /home/undermind/shmem/venv/lib/python3.12/site-packages/shmem4py/api.abi3.so(+0x42d7c) [0x72d2ffe42d7c]
 8  /home/undermind/shmem/venv/lib/python3.12/site-packages/shmem4py/api.abi3.so(+0x11eb08) [0x72d2fff1eb08]
 9  python3() [0x581dda]
10  python3(PyObject_Vectorcall+0x35) [0x549cb5]
11  python3(_PyEval_EvalFrameDefault+0xa89) [0x5d7389]
12  python3(PyEval_EvalCode+0x15b) [0x5d58bb]
13  python3() [0x5d36ac]
14  python3() [0x58206d]
15  python3(_PyEval_EvalFrameDefault+0x4c32) [0x5db532]
16  python3() [0x54a087]
17  python3(PyObject_CallMethodObjArgs+0xe3) [0x54b903]
18  python3(PyImport_ImportModuleLevelObject+0x395) [0x5fdd25]
19  python3() [0x5d39f4]
20  python3() [0x58206d]
21  python3(_PyEval_EvalFrameDefault+0x4c32) [0x5db532]
22  python3() [0x54a087]
23  python3(PyObject_CallMethodObjArgs+0xe3) [0x54b903]
24  python3(PyImport_ImportModuleLevelObject+0x5eb) [0x5fdf7b]
25  python3(_PyEval_EvalFrameDefault+0x5dde) [0x5dc6de]
26  python3(PyEval_EvalCode+0x15b) [0x5d58bb]
27  python3() [0x608b52]
28  python3() [0x6b5263]
29  python3(_PyRun_SimpleFileObject+0x1aa) [0x6b4fca]
=================================
[WK5CG2075Q38MID:13695] *** Process received signal ***
[WK5CG2075Q38MID:13695] Signal: Segmentation fault (11)
[WK5CG2075Q38MID:13695] Signal code:  (-6)
[WK5CG2075Q38MID:13695] Failing at address: 0x3e80000357f
[WK5CG2075Q38MID:13695] [ 0] /lib/x86_64-linux-gnu/libc.so.6(+0x45330)[0x7624a4a45330]
==== backtrace (tid:  13689) ====
 0  /lib/x86_64-linux-gnu/libucs.so.0(ucs_handle_error+0x2ec) [0x752ce403e64c]
 1  /lib/x86_64-linux-gnu/libucs.so.0(+0x2d34d) [0x752ce404034d]
 2  /lib/x86_64-linux-gnu/libucs.so.0(+0x2d51d) [0x752ce404051d]
 3  /lib/x86_64-linux-gnu/liboshmem.so.40(+0xbcc98) [0x752ce71cbc98]
 4  /lib/x86_64-linux-gnu/liboshmem.so.40(mca_memheap_modex_recv_all+0x38b) [0x752ce71cccbb]
 5  /lib/x86_64-linux-gnu/liboshmem.so.40(oshmem_shmem_init+0x263) [0x752ce713dd33]
 6  /lib/x86_64-linux-gnu/liboshmem.so.40(shmem_init+0x4f) [0x752ce713df3f]
 7  /home/undermind/shmem/venv/lib/python3.12/site-packages/shmem4py/api.abi3.so(+0x42d7c) [0x752ce7242d7c]
 8  /home/undermind/shmem/venv/lib/python3.12/site-packages/shmem4py/api.abi3.so(+0x11eb08) [0x752ce731eb08]
 9  python3() [0x581dda]
10  python3(PyObject_Vectorcall+0x35) [0x549cb5]
11  python3(_PyEval_EvalFrameDefault+0xa89) [0x5d7389]
12  python3(PyEval_EvalCode+0x15b) [0x5d58bb]
13  python3() [0x5d36ac]
14  python3() [0x58206d]
15  python3(_PyEval_EvalFrameDefault+0x4c32) [0x5db532]
16  python3() [0x54a087]
17  python3(PyObject_CallMethodObjArgs+0xe3) [0x54b903]
18  python3(PyImport_ImportModuleLevelObject+0x395) [0x5fdd25]
19  python3() [0x5d39f4]
20  python3() [0x58206d]
21  python3(_PyEval_EvalFrameDefault+0x4c32) [0x5db532]
22  python3() [0x54a087]
23  python3(PyObject_CallMethodObjArgs+0xe3) [0x54b903]
24  python3(PyImport_ImportModuleLevelObject+0x5eb) [0x5fdf7b]
25  python3(_PyEval_EvalFrameDefault+0x5dde) [0x5dc6de]
26  python3(PyEval_EvalCode+0x15b) [0x5d58bb]
27  python3() [0x608b52]
28  python3() [0x6b5263]
29  python3(_PyRun_SimpleFileObject+0x1aa) [0x6b4fca]
30  python3(_PyRun_AnyFileObject+0x4f) [0x6b4dff]
[WK5CG2075Q38MID:13695] [ 1] /lib/x86_64-linux-gnu/liboshmem.so.40(+0xbcc98)[0x7624779cbc98]
[WK5CG2075Q38MID:13695] [ 2] /lib/x86_64-linux-gnu/liboshmem.so.40(mca_memheap_modex_recv_all+0x38b)[0x7624779cccbb]
[WK5CG2075Q38MID:13695] [ 3] /lib/x86_64-linux-gnu/liboshmem.so.40(oshmem_shmem_init+0x263)[0x76247793dd33]
[WK5CG2075Q38MID:13695] [ 4] /lib/x86_64-linux-gnu/liboshmem.so.40(shmem_init+0x4f)[0x76247793df3f]
30  python3(_PyRun_AnyFileObject+0x4f) [0x6b4dff]
31  python3(Py_RunMain+0x3b5) [0x6bce65]
32  python3(Py_BytesMain+0x2d) [0x6bc94d]
33  /lib/x86_64-linux-gnu/libc.so.6(+0x2a1ca) [0x72d32ce2a1ca]
34  /lib/x86_64-linux-gnu/libc.so.6(__libc_start_main+0x8b) [0x72d32ce2a28b]
35  python3(_start+0x25) [0x657b05]
=================================
[WK5CG2075Q38MID:13694] *** Process received signal ***
[WK5CG2075Q38MID:13694] Signal: Segmentation fault (11)
[WK5CG2075Q38MID:13694] Signal code:  (-6)
[WK5CG2075Q38MID:13694] Failing at address: 0x3e80000357e
[WK5CG2075Q38MID:13694] [ 0] /lib/x86_64-linux-gnu/libc.so.6(+0x45330)[0x7f7806c45330]
[WK5CG2075Q38MID:13692] [ 1] /lib/x86_64-linux-gnu/liboshmem.so.40(+0xbcc98)[0x7f77d9dcbc98]
[WK5CG2075Q38MID:13692] [ 2] /lib/x86_64-linux-gnu/liboshmem.so.40(mca_memheap_modex_recv_all+0x38b)[0x7f77d9dcccbb]
[WK5CG2075Q38MID:13692] [ 3] /lib/x86_64-linux-gnu/liboshmem.so.40(oshmem_shmem_init+0x263)[0x7f77d9d3dd33]
[WK5CG2075Q38MID:13692] [ 4] /lib/x86_64-linux-gnu/liboshmem.so.40(shmem_init+0x4f)[0x7f77d9d3df3f]
[WK5CG2075Q38MID:13692] [ 5] /home/undermind/shmem/venv/lib/python3.12/site-packages/shmem4py/api.abi3.so(+0x42d7c)[0x7f77d9e42d7c]
[WK5CG2075Q38MID:13692] [ 6] /home/undermind/shmem/venv/lib/python3.12/site-packages/shmem4py/api.abi3.so(+0x11eb08)[0x7f77d9f1eb08]
[WK5CG2075Q38MID:13692] [ 7] /lib/x86_64-linux-gnu/libc.so.6(+0x45330)[0x7808ebc45330]
[WK5CG2075Q38MID:13690] [ 1] /lib/x86_64-linux-gnu/liboshmem.so.40(+0xbcc98)[0x7808befbcc98]
[WK5CG2075Q38MID:13690] [ 2] /lib/x86_64-linux-gnu/liboshmem.so.40(mca_memheap_modex_recv_all+0x38b)[0x7808befbdcbb]
[WK5CG2075Q38MID:13690] [ 3] /lib/x86_64-linux-gnu/liboshmem.so.40(oshmem_shmem_init+0x263)[0x7808bef2ed33]
[WK5CG2075Q38MID:13690] [ 4] /lib/x86_64-linux-gnu/liboshmem.so.40(shmem_init+0x4f)[0x7808bef2ef3f]
[WK5CG2075Q38MID:13690] [ 5] /home/undermind/shmem/venv/lib/python3.12/site-packages/shmem4py/api.abi3.so(+0x42d7c)[0x7808bec42d7c]
[WK5CG2075Q38MID:13690] [ 6] /home/undermind/shmem/venv/lib/python3.12/site-packages/shmem4py/api.abi3.so(+0x11eb08)[0x7808bed1eb08]
[WK5CG2075Q38MID:13690] 31  python3(Py_RunMain+0x3b5) [0x6bce65]
32  python3(Py_BytesMain+0x2d) [0x6bc94d]
33  /lib/x86_64-linux-gnu/libc.so.6(+0x2a1ca) [0x752d1422a1ca]
34  /lib/x86_64-linux-gnu/libc.so.6(__libc_start_main+0x8b) [0x752d1422a28b]
35  python3(_start+0x25) [0x657b05]
=================================
[WK5CG2075Q38MID:13689] *** Process received signal ***
[WK5CG2075Q38MID:13689] Signal: Segmentation fault (11)
[WK5CG2075Q38MID:13689] Signal code:  (-6)
[WK5CG2075Q38MID:13689] Failing at address: 0x3e800003579
[WK5CG2075Q38MID:13689] [ 0] [WK5CG2075Q38MID:13695] [ 5] /home/undermind/shmem/venv/lib/python3.12/site-packages/shmem4py/api.abi3.so(+0x42d7c)[0x762477a42d7c]
[WK5CG2075Q38MID:13695] [ 6] /home/undermind/shmem/venv/lib/python3.12/site-packages/shmem4py/api.abi3.so(+0x11eb08)[0x762477b1eb08]
[WK5CG2075Q38MID:13695] [ 7] python3[0x581dda]
[WK5CG2075Q38MID:13695] [ 8] python3(PyObject_Vectorcall+0x35)[0x549cb5]
[WK5CG2075Q38MID:13695] [ 9] python3(_PyEval_EvalFrameDefault+0xa89)[0x5d7389]
[WK5CG2075Q38MID:13695] [10] python3(PyEval_EvalCode+0x15b)[0x5d58bb]
/lib/x86_64-linux-gnu/libc.so.6(+0x45330)[0x72d32ce45330]
[WK5CG2075Q38MID:13694] [ 1] /lib/x86_64-linux-gnu/liboshmem.so.40(+0xbcc98)[0x72d2ffdcbc98]
[WK5CG2075Q38MID:13694] [ 2] /lib/x86_64-linux-gnu/liboshmem.so.40(mca_memheap_modex_recv_all+0x38b)[0x72d2ffdcccbb]
[WK5CG2075Q38MID:13694] [ 3] python3[0x581dda]
[WK5CG2075Q38MID:13692] [ 8] python3(PyObject_Vectorcall+0x35)[0x549cb5]
[WK5CG2075Q38MID:13692] [ 9] python3(_PyEval_EvalFrameDefault+0xa89)[0x5d7389]
[WK5CG2075Q38MID:13692] [10] python3(PyEval_EvalCode+0x15b)[0x5d58bb]
[WK5CG2075Q38MID:13692] [11] python3[0x5d36ac]
[WK5CG2075Q38MID:13692] [12] /lib/x86_64-linux-gnu/libc.so.6(+0x45330)[0x752d14245330]
[WK5CG2075Q38MID:13689] [ 1] /lib/x86_64-linux-gnu/liboshmem.so.40(+0xbcc98)[0x752ce71cbc98]
[WK5CG2075Q38MID:13689] [ 2] /lib/x86_64-linux-gnu/liboshmem.so.40(mca_memheap_modex_recv_all+0x38b)[0x752ce71cccbb]
[WK5CG2075Q38MID:13689] [ 3] ==== backtrace (tid:  13693) ====
 0  /lib/x86_64-linux-gnu/libucs.so.0(ucs_handle_error+0x2ec) [0x71a22de5a64c]
 1  /lib/x86_64-linux-gnu/libucs.so.0(+0x2d34d) [0x71a22de5c34d]
 2  /lib/x86_64-linux-gnu/libucs.so.0(+0x2d51d) [0x71a22de5c51d]
 3  /lib/x86_64-linux-gnu/liboshmem.so.40(+0xbcc98) [0x71a237bcbc98]
 4  /lib/x86_64-linux-gnu/liboshmem.so.40(mca_memheap_modex_recv_all+0x38b) [0x71a237bcccbb]
 5  /lib/x86_64-linux-gnu/liboshmem.so.40(oshmem_shmem_init+0x263) [0x71a237b3dd33]
 6  /lib/x86_64-linux-gnu/liboshmem.so.40(shmem_init+0x4f) [0x71a237b3df3f]
 7  /home/undermind/shmem/venv/lib/python3.12/site-packages/shmem4py/api.abi3.so(+0x42d7c) [0x71a237c42d7c]
 8  /home/undermind/shmem/venv/lib/python3.12/site-packages/shmem4py/api.abi3.so(+0x11eb08) [0x71a237d1eb08]
 9  python3() [0x581dda]
10  python3(PyObject_Vectorcall+0x35) [0x549cb5]
11  python3(_PyEval_EvalFrameDefault+0xa89) [0x5d7389]
12  python3(PyEval_EvalCode+0x15b) [0x5d58bb]
13  python3() [0x5d36ac]
14  python3() [0x58206d]
15  python3(_PyEval_EvalFrameDefault+0x4c32) [0x5db532]
16  python3() [0x54a087]
17  python3(PyObject_CallMethodObjArgs+0xe3) [0x54b903]
18  python3(PyImport_ImportModuleLevelObject+0x395) [0x5fdd25]
19  python3() [0x5d39f4]
20  python3() [0x58206d]
21  python3(_PyEval_EvalFrameDefault+0x4c32) [0x5db532]
22  python3() [0x54a087]
23  python3(PyObject_CallMethodObjArgs+0xe3) [0x54b903]
24  python3(PyImport_ImportModuleLevelObject+0x5eb) [0x5fdf7b]
25  python3(_PyEval_EvalFrameDefault+0x5dde) [0x5dc6de]
26  python3(PyEval_EvalCode+0x15b) [0x5d58bb]
27  python3() [0x608b52]
28  python3() [0x6b5263]
29  python3(_PyRun_SimpleFileObject+0x1aa) [0x6b4fca]
30  python3(_PyRun_AnyFileObject+0x4f) [0x6b4dff]
31  python3(Py_RunMain+0x3b5) [0x6bce65]
32  python3(Py_BytesMain+0x2d) [0x6bc94d]
33  /lib/x86_64-linux-gnu/libc.so.6(+0x2a1ca) [0x71a264a2a1ca]
34  /lib/x86_64-linux-gnu/libc.so.6(__libc_start_main+0x8b) [0x71a264a2a28b]
35  python3(_start+0x25) [0x657b05]
=================================
[ 7] python3[0x581dda]
[WK5CG2075Q38MID:13690] [ 8] python3(PyObject_Vectorcall+0x35)[0x549cb5]
[WK5CG2075Q38MID:13690] [ 9] python3(_PyEval_EvalFrameDefault+0xa89)[0x5d7389]
[WK5CG2075Q38MID:13690] [10] python3(PyEval_EvalCode+0x15b)[0x5d58bb]
[WK5CG2075Q38MID:13690] [11] python3[0x5d36ac]
[WK5CG2075Q38MID:13690] [12] python3[0x58206d]
[WK5CG2075Q38MID:13690] [13] /lib/x86_64-linux-gnu/liboshmem.so.40(oshmem_shmem_init+0x263)[0x752ce713dd33]
[WK5CG2075Q38MID:13689] [ 4] /lib/x86_64-linux-gnu/liboshmem.so.40(shmem_init+0x4f)[0x752ce713df3f]
[WK5CG2075Q38MID:13689] python3[0x58206d]
[WK5CG2075Q38MID:13692] [13] python3(_PyEval_EvalFrameDefault+0x4c32)[0x5db532]
[WK5CG2075Q38MID:13692] [14] python3[0x54a087]
[WK5CG2075Q38MID:13692] [15] python3(PyObject_CallMethodObjArgs+0xe3)[0x54b903]
[WK5CG2075Q38MID:13692] [16] [WK5CG2075Q38MID:13695] [11] python3[0x5d36ac]
[WK5CG2075Q38MID:13695] [12] python3[0x58206d]
[WK5CG2075Q38MID:13695] [13] python3(_PyEval_EvalFrameDefault+0x4c32)[0x5db532]
[WK5CG2075Q38MID:13695] [14] python3[0x54a087]
[WK5CG2075Q38MID:13695] [15] python3(PyObject_CallMethodObjArgs+0xe3)[0x54b903]
[WK5CG2075Q38MID:13695] [16] /lib/x86_64-linux-gnu/liboshmem.so.40(oshmem_shmem_init+0x263)[0x72d2ffd3dd33]
[WK5CG2075Q38MID:13694] [ 4] /lib/x86_64-linux-gnu/liboshmem.so.40(shmem_init+0x4f)[0x72d2ffd3df3f]
[WK5CG2075Q38MID:13694] [ 5] /home/undermind/shmem/venv/lib/python3.12/site-packages/shmem4py/api.abi3.so(+0x42d7c)[0x72d2ffe42d7c]
[WK5CG2075Q38MID:13694] [ 6] /home/undermind/shmem/venv/lib/python3.12/site-packages/shmem4py/api.abi3.so(+0x11eb08)[0x72d2fff1eb08]
[WK5CG2075Q38MID:13694] [ 7] python3[0x581dda]
[WK5CG2075Q38MID:13694] [ 8] python3(PyObject_Vectorcall+0x35)[0x549cb5]
[WK5CG2075Q38MID:13694] python3(_PyEval_EvalFrameDefault+0x4c32)[0x5db532]
[WK5CG2075Q38MID:13690] [14] python3[0x54a087]
[WK5CG2075Q38MID:13690] [15] python3(PyObject_CallMethodObjArgs+0xe3)[0x54b903]
[WK5CG2075Q38MID:13690] [16] python3(PyImport_ImportModuleLevelObject+0x395)[0x5fdd25]
[WK5CG2075Q38MID:13690] [17] python3[0x5d39f4]
[WK5CG2075Q38MID:13690] [18] python3[0x58206d]
[WK5CG2075Q38MID:13690] [19] [ 9] python3(_PyEval_EvalFrameDefault+0xa89)[0x5d7389]
[WK5CG2075Q38MID:13694] [10] [WK5CG2075Q38MID:13693] *** Process received signal ***
[WK5CG2075Q38MID:13693] Signal: Segmentation fault (11)
[WK5CG2075Q38MID:13693] Signal code:  (-6)
[WK5CG2075Q38MID:13693] Failing at address: 0x3e80000357d
[ 5] /home/undermind/shmem/venv/lib/python3.12/site-packages/shmem4py/api.abi3.so(+0x42d7c)[0x752ce7242d7c]
[WK5CG2075Q38MID:13689] [ 6] /home/undermind/shmem/venv/lib/python3.12/site-packages/shmem4py/api.abi3.so(+0x11eb08)[0x752ce731eb08]
[WK5CG2075Q38MID:13689] [ 7] python3[0x581dda]
python3(PyImport_ImportModuleLevelObject+0x395)[0x5fdd25]
[WK5CG2075Q38MID:13692] [17] python3[0x5d39f4]
[WK5CG2075Q38MID:13692] [18] python3[0x58206d]
[WK5CG2075Q38MID:13692] [19] python3(_PyEval_EvalFrameDefault+0x4c32)[0x5db532]
[WK5CG2075Q38MID:13692] [20] python3[0x54a087]
[WK5CG2075Q38MID:13692] [21] python3(PyObject_CallMethodObjArgs+0xe3)[0x54b903]
[WK5CG2075Q38MID:13692] [22] python3(PyImport_ImportModuleLevelObject+0x5eb)[0x5fdf7b]
[WK5CG2075Q38MID:13692] [23] python3(_PyEval_EvalFrameDefault+0x5dde)[0x5dc6de]
[WK5CG2075Q38MID:13692] [24] python3(PyEval_EvalCode+0x15b)[0x5d58bb]
[WK5CG2075Q38MID:13692] [25] python3[0x608b52]
[WK5CG2075Q38MID:13692] [26] python3(PyImport_ImportModuleLevelObject+0x395)[0x5fdd25]
[WK5CG2075Q38MID:13695] [17] python3[0x5d39f4]
[WK5CG2075Q38MID:13695] [18] python3[0x58206d]
[WK5CG2075Q38MID:13695] [19] python3(_PyEval_EvalFrameDefault+0x4c32)[0x5db532]
[WK5CG2075Q38MID:13695] [20] python3(_PyEval_EvalFrameDefault+0x4c32)[0x5db532]
[WK5CG2075Q38MID:13690] [20] python3[0x54a087]
[WK5CG2075Q38MID:13690] [21] python3(PyObject_CallMethodObjArgs+0xe3)[0x54b903]
[WK5CG2075Q38MID:13690] [22] python3(PyImport_ImportModuleLevelObject+0x5eb)[0x5fdf7b]
[WK5CG2075Q38MID:13690] [23] python3(_PyEval_EvalFrameDefault+0x5dde)[0x5dc6de]
[WK5CG2075Q38MID:13690] [24] python3(PyEval_EvalCode+0x15b)[0x5d58bb]
[WK5CG2075Q38MID:13690] [25] python3[0x608b52]
[WK5CG2075Q38MID:13690] [26] python3[0x6b5263]
[WK5CG2075Q38MID:13690] [27] python3(_PyRun_SimpleFileObject+0x1aa)[0x6b4fca]
[WK5CG2075Q38MID:13690] python3[0x54a087]
[WK5CG2075Q38MID:13695] [21] python3(PyObject_CallMethodObjArgs+0xe3)[0x54b903]
[WK5CG2075Q38MID:13695] [22] python3(PyImport_ImportModuleLevelObject+0x5eb)[0x5fdf7b]
[WK5CG2075Q38MID:13695] [23] python3(_PyEval_EvalFrameDefault+0x5dde)[0x5dc6de]
[WK5CG2075Q38MID:13695] [24] python3(PyEval_EvalCode+0x15b)[0x5d58bb]
[WK5CG2075Q38MID:13695] python3(PyEval_EvalCode+0x15b)[0x5d58bb]
[WK5CG2075Q38MID:13694] [11] python3[0x5d36ac]
[WK5CG2075Q38MID:13694] [12] python3[0x58206d]
[WK5CG2075Q38MID:13694] [13] python3(_PyEval_EvalFrameDefault+0x4c32)[0x5db532]
[WK5CG2075Q38MID:13694] [14] python3[0x54a087]
[WK5CG2075Q38MID:13694] [15] python3(PyObject_CallMethodObjArgs+0xe3)[0x54b903]
[WK5CG2075Q38MID:13694] [16] [WK5CG2075Q38MID:13693] [ 0] /lib/x86_64-linux-gnu/libc.so.6(+0x45330)[0x71a264a45330]
[WK5CG2075Q38MID:13693] [ 1] /lib/x86_64-linux-gnu/liboshmem.so.40(+0xbcc98)[0x71a237bcbc98]
[WK5CG2075Q38MID:13689] [ 8] python3(PyObject_Vectorcall+0x35)[0x549cb5]
[WK5CG2075Q38MID:13689] [ 9] python3(_PyEval_EvalFrameDefault+0xa89)[0x5d7389]
[WK5CG2075Q38MID:13689] [10] python3(PyEval_EvalCode+0x15b)[0x5d58bb]
[WK5CG2075Q38MID:13689] [11] python3[0x5d36ac]
[WK5CG2075Q38MID:13689] [12] python3[0x6b5263]
[WK5CG2075Q38MID:13692] [27] python3(_PyRun_SimpleFileObject+0x1aa)[0x6b4fca]
[WK5CG2075Q38MID:13692] [28] python3(_PyRun_AnyFileObject+0x4f)[0x6b4dff]
[WK5CG2075Q38MID:13692] [29] python3(Py_RunMain+0x3b5)[0x6bce65]
[WK5CG2075Q38MID:13692] *** End of error message ***
[28] python3(_PyRun_AnyFileObject+0x4f)[0x6b4dff]
[WK5CG2075Q38MID:13690] [29] python3(Py_RunMain+0x3b5)[0x6bce65]
[WK5CG2075Q38MID:13690] *** End of error message ***
[25] python3[0x608b52]
[WK5CG2075Q38MID:13695] [26] python3[0x6b5263]
[WK5CG2075Q38MID:13695] [27] python3(_PyRun_SimpleFileObject+0x1aa)[0x6b4fca]
[WK5CG2075Q38MID:13695] [28] python3(PyImport_ImportModuleLevelObject+0x395)[0x5fdd25]
[WK5CG2075Q38MID:13694] [17] python3[0x5d39f4]
[WK5CG2075Q38MID:13694] [18] python3[0x58206d]
[WK5CG2075Q38MID:13694] [19] [WK5CG2075Q38MID:13693] [ 2] /lib/x86_64-linux-gnu/liboshmem.so.40(mca_memheap_modex_recv_all+0x38b)[0x71a237bcccbb]
[WK5CG2075Q38MID:13693] [ 3] python3[0x58206d]
[WK5CG2075Q38MID:13689] [13] python3(_PyEval_EvalFrameDefault+0x4c32)[0x5db532]
[WK5CG2075Q38MID:13689] [14] python3[0x54a087]
[WK5CG2075Q38MID:13689] [15] python3(PyObject_CallMethodObjArgs+0xe3)[0x54b903]
[WK5CG2075Q38MID:13689] [16] python3(PyImport_ImportModuleLevelObject+0x395)[0x5fdd25]
[WK5CG2075Q38MID:13689] python3(_PyRun_AnyFileObject+0x4f)[0x6b4dff]
[WK5CG2075Q38MID:13695] [29] python3(Py_RunMain+0x3b5)[0x6bce65]
[WK5CG2075Q38MID:13695] *** End of error message ***
python3(_PyEval_EvalFrameDefault+0x4c32)[0x5db532]
[WK5CG2075Q38MID:13694] [20] python3[0x54a087]
[WK5CG2075Q38MID:13694] [21] python3(PyObject_CallMethodObjArgs+0xe3)[0x54b903]
[WK5CG2075Q38MID:13694] [22] python3(PyImport_ImportModuleLevelObject+0x5eb)[0x5fdf7b]
[WK5CG2075Q38MID:13694] [23] /lib/x86_64-linux-gnu/liboshmem.so.40(oshmem_shmem_init+0x263)[0x71a237b3dd33]
[WK5CG2075Q38MID:13693] [ 4] /lib/x86_64-linux-gnu/liboshmem.so.40(shmem_init+0x4f)[0x71a237b3df3f]
[WK5CG2075Q38MID:13693] [ 5] /home/undermind/shmem/venv/lib/python3.12/site-packages/shmem4py/api.abi3.so(+0x42d7c)[0x71a237c42d7c]
[WK5CG2075Q38MID:13693] [ 6] /home/undermind/shmem/venv/lib/python3.12/site-packages/shmem4py/api.abi3.so(+0x11eb08)[0x71a237d1eb08]
[WK5CG2075Q38MID:13693] [ 7] python3[0x581dda]
[WK5CG2075Q38MID:13693] [ 8] python3(PyObject_Vectorcall+0x35)[0x549cb5]
[WK5CG2075Q38MID:13693] [ 9] python3(_PyEval_EvalFrameDefault+0x5dde)[0x5dc6de]
[WK5CG2075Q38MID:13694] [24] python3(PyEval_EvalCode+0x15b)[0x5d58bb]
[WK5CG2075Q38MID:13694] [25] python3[0x608b52]
python3(_PyEval_EvalFrameDefault+0xa89)[0x5d7389]
[WK5CG2075Q38MID:13693] [10] python3(PyEval_EvalCode+0x15b)[0x5d58bb]
[WK5CG2075Q38MID:13693] [11] python3[0x5d36ac]
[WK5CG2075Q38MID:13693] [12] python3[0x58206d]
[WK5CG2075Q38MID:13693] [13] [17] python3[0x5d39f4]
[WK5CG2075Q38MID:13689] [18] python3[0x58206d]
[WK5CG2075Q38MID:13689] [19] python3(_PyEval_EvalFrameDefault+0x4c32)[0x5db532]
[WK5CG2075Q38MID:13689] [20] python3[0x54a087]
[WK5CG2075Q38MID:13689] [21] [WK5CG2075Q38MID:13694] [26] python3[0x6b5263]
[WK5CG2075Q38MID:13694] [27] python3(PyObject_CallMethodObjArgs+0xe3)[0x54b903]
[WK5CG2075Q38MID:13689] [22] python3(PyImport_ImportModuleLevelObject+0x5eb)[0x5fdf7b]
[WK5CG2075Q38MID:13689] [23] python3(_PyEval_EvalFrameDefault+0x5dde)[0x5dc6de]
[WK5CG2075Q38MID:13689] [24] python3(PyEval_EvalCode+0x15b)[0x5d58bb]
[WK5CG2075Q38MID:13689] [25] python3(_PyEval_EvalFrameDefault+0x4c32)[0x5db532]
[WK5CG2075Q38MID:13693] [14] python3(_PyRun_SimpleFileObject+0x1aa)[0x6b4fca]
[WK5CG2075Q38MID:13694] [28] python3(_PyRun_AnyFileObject+0x4f)[0x6b4dff]
[WK5CG2075Q38MID:13694] [29] python3(Py_RunMain+0x3b5)[0x6bce65]
[WK5CG2075Q38MID:13694] *** End of error message ***
python3[0x54a087]
[WK5CG2075Q38MID:13693] [15] python3(PyObject_CallMethodObjArgs+0xe3)[0x54b903]
[WK5CG2075Q38MID:13693] [16] python3(PyImport_ImportModuleLevelObject+0x395)[0x5fdd25]
[WK5CG2075Q38MID:13693] [17] python3[0x5d39f4]
[WK5CG2075Q38MID:13693] [18] python3[0x58206d]
[WK5CG2075Q38MID:13693] [19] python3[0x608b52]
[WK5CG2075Q38MID:13689] [26] python3[0x6b5263]
[WK5CG2075Q38MID:13689] [27] python3(_PyEval_EvalFrameDefault+0x4c32)[0x5db532]
[WK5CG2075Q38MID:13693] [20] python3[0x54a087]
[WK5CG2075Q38MID:13693] [21] python3(_PyRun_SimpleFileObject+0x1aa)[0x6b4fca]
[WK5CG2075Q38MID:13689] [28] python3(_PyRun_AnyFileObject+0x4f)[0x6b4dff]
python3(PyObject_CallMethodObjArgs+0xe3)[0x54b903]
[WK5CG2075Q38MID:13693] [22] python3(PyImport_ImportModuleLevelObject+0x5eb)[0x5fdf7b]
[WK5CG2075Q38MID:13693] [23] [WK5CG2075Q38MID:13689] [29] python3(Py_RunMain+0x3b5)[0x6bce65]
[WK5CG2075Q38MID:13689] *** End of error message ***
python3(_PyEval_EvalFrameDefault+0x5dde)[0x5dc6de]
[WK5CG2075Q38MID:13693] [24] python3(PyEval_EvalCode+0x15b)[0x5d58bb]
[WK5CG2075Q38MID:13693] [25] python3[0x608b52]
[WK5CG2075Q38MID:13693] [26] python3[0x6b5263]
[WK5CG2075Q38MID:13693] [27] python3(_PyRun_SimpleFileObject+0x1aa)[0x6b4fca]
[WK5CG2075Q38MID:13693] [28] python3(_PyRun_AnyFileObject+0x4f)[0x6b4dff]
[WK5CG2075Q38MID:13693] [29] python3(Py_RunMain+0x3b5)[0x6bce65]
[WK5CG2075Q38MID:13693] *** End of error message ***
--------------------------------------------------------------------------
Primary job  terminated normally, but 1 process returned
a non-zero exit code. Per user-direction, the job has been aborted.
--------------------------------------------------------------------------
--------------------------------------------------------------------------
oshrun noticed that process rank 3 with PID 0 on node WK5CG2075Q38MID exited on signal 11 (Segmentation fault).
--------------------------------------------------------------------------
